Release 14.7 - xst P.20131013 (nt)
Copyright (c) 1995-2013 Xilinx, Inc.  All rights reserved.
--> Parameter TMPDIR set to xst/projnav.tmp


Total REAL time to Xst completion: 0.00 secs
Total CPU time to Xst completion: 0.42 secs
 
--> Parameter xsthdpdir set to xst


Total REAL time to Xst completion: 0.00 secs
Total CPU time to Xst completion: 0.44 secs
 
--> Reading design: SHIFT_REGISTER.prj

TABLE OF CONTENTS
  1) Synthesis Options Summary
  2) HDL Compilation
  3) Design Hierarchy Analysis
  4) HDL Analysis
  5) HDL Synthesis
     5.1) HDL Synthesis Report
  6) Advanced HDL Synthesis
     6.1) Advanced HDL Synthesis Report
  7) Low Level Synthesis
  8) Partition Report
  9) Final Report
	9.1) Device utilization summary
	9.2) Partition Resource Summary
	9.3) TIMING REPORT


=========================================================================
*                      Synthesis Options Summary                        *
=========================================================================
---- Source Parameters
Input File Name                    : "SHIFT_REGISTER.prj"
Input Format                       : mixed
Ignore Synthesis Constraint File   : NO

---- Target Parameters
Output File Name                   : "SHIFT_REGISTER"
Output Format                      : NGC
Target Device                      : xc3s250e-4-vq100

---- Source Options
Top Module Name                    : SHIFT_REGISTER
Automatic FSM Extraction           : YES
FSM Encoding Algorithm             : Auto
Safe Implementation                : No
FSM Style                          : LUT
RAM Extraction                     : Yes
RAM Style                          : Auto
ROM Extraction                     : Yes
Mux Style                          : Auto
Decoder Extraction                 : YES
Priority Encoder Extraction        : Yes
Shift Register Extraction          : YES
Logical Shifter Extraction         : YES
XOR Collapsing                     : YES
ROM Style                          : Auto
Mux Extraction                     : Yes
Resource Sharing                   : YES
Asynchronous To Synchronous        : NO
Multiplier Style                   : Auto
Automatic Register Balancing       : No

---- Target Options
Add IO Buffers                     : YES
Global Maximum Fanout              : 500
Add Generic Clock Buffer(BUFG)     : 24
Register Duplication               : YES
Slice Packing                      : YES
Optimize Instantiated Primitives   : NO
Use Clock Enable                   : Yes
Use Synchronous Set                : Yes
Use Synchronous Reset              : Yes
Pack IO Registers into IOBs        : Auto
Equivalent register Removal        : YES

---- General Options
Optimization Goal                  : Speed
Optimization Effort                : 1
Keep Hierarchy                     : No
Netlist Hierarchy                  : As_Optimized
RTL Output                         : Yes
Global Optimization                : AllClockNets
Read Cores                         : YES
Write Timing Constraints           : NO
Cross Clock Analysis               : NO
Hierarchy Separator                : /
Bus Delimiter                      : <>
Case Specifier                     : Maintain
Slice Utilization Ratio            : 100
BRAM Utilization Ratio             : 100
Verilog 2001                       : YES
Auto BRAM Packing                  : NO
Slice Utilization Ratio Delta      : 5

=========================================================================


=========================================================================
*                          HDL Compilation                              *
=========================================================================
Compiling vhdl file "C:/Users/Gham/Desktop/Actual files/IDE/IDE3_final/IDE3_final/shift_reg.vhd" in Library work.
Architecture behavioral of Entity shift_register is up to date.

=========================================================================
*                     Design Hierarchy Analysis                         *
=========================================================================
Analyzing hierarchy for entity <SHIFT_REGISTER> in library <work> (architecture <behavioral>) with generics.
	CAPACITY = 16


=========================================================================
*                            HDL Analysis                               *
=========================================================================
Analyzing generic Entity <SHIFT_REGISTER> in library <work> (Architecture <behavioral>).
	CAPACITY = 16
Entity <SHIFT_REGISTER> analyzed. Unit <SHIFT_REGISTER> generated.


=========================================================================
*                           HDL Synthesis                               *
=========================================================================

Performing bidirectional port resolution...

Synthesizing Unit <SHIFT_REGISTER>.
    Related source file is "C:/Users/Gham/Desktop/Actual files/IDE/IDE3_final/IDE3_final/shift_reg.vhd".
    Found 16-bit register for signal <reg>.
    Summary:
	inferred  16 D-type flip-flop(s).
Unit <SHIFT_REGISTER> synthesized.


=========================================================================
HDL Synthesis Report

Macro Statistics
# Registers                                            : 1
 16-bit register                                       : 1

=========================================================================

=========================================================================
*                       Advanced HDL Synthesis                          *
=========================================================================


=========================================================================
Advanced HDL Synthesis Report

Macro Statistics
# Registers                                            : 16
 Flip-Flops                                            : 16

=========================================================================

=========================================================================
*                         Low Level Synthesis                           *
=========================================================================

Optimizing unit <SHIFT_REGISTER> ...

Mapping all equations...
Building and optimizing final netlist ...
Found area constraint ratio of 100 (+ 5) on block SHIFT_REGISTER, actual ratio is 0.
FlipFlop reg_15 has been replicated 1 time(s) to handle iob=true attribute.
FlipFlop reg_14 has been replicated 1 time(s) to handle iob=true attribute.
FlipFlop reg_13 has been replicated 1 time(s) to handle iob=true attribute.
FlipFlop reg_12 has been replicated 1 time(s) to handle iob=true attribute.

Final Macro Processing ...

=========================================================================
Final Register Report

Macro Statistics
# Registers                                            : 20
 Flip-Flops                                            : 20

=========================================================================

=========================================================================
*                           Partition Report                            *
=========================================================================

Partition Implementation Status
-------------------------------

  No Partitions were found in this design.

-------------------------------

=========================================================================
*                            Final Report                               *
=========================================================================
Final Results
RTL Top Level Output File Name     : SHIFT_REGISTER.ngr
Top Level Output File Name         : SHIFT_REGISTER
Output Format                      : NGC
Optimization Goal                  : Speed
Keep Hierarchy                     : No

Design Statistics
# IOs                              : 23

Cell Usage :
# FlipFlops/Latches                : 20
#      FDCE                        : 20
# Clock Buffers                    : 1
#      BUFGP                       : 1
# IO Buffers                       : 22
#      IBUF                        : 6
#      OBUF                        : 16
=========================================================================

Device utilization summary:
---------------------------

Selected Device : 3s250evq100-4 

 Number of Slices:                        9  out of   2448     0%  
 Number of Slice Flip Flops:             16  out of   4896     0%  
 Number of IOs:                          23
 Number of bonded IOBs:                  23  out of     66    34%  
    IOB Flip Flops:                       4
 Number of GCLKs:                         1  out of     24     4%  

---------------------------
Partition Resource Summary:
---------------------------

  No Partitions were found in this design.

---------------------------


=========================================================================
TIMING REPORT

NOTE: THESE TIMING NUMBERS ARE ONLY A SYNTHESIS ESTIMATE.
      FOR ACCURATE TIMING INFORMATION PLEASE REFER TO THE TRACE REPORT
      GENERATED AFTER PLACE-and-ROUTE.

Clock Information:
------------------
-----------------------------------+------------------------+-------+
Clock Signal                       | Clock buffer(FF name)  | Load  |
-----------------------------------+------------------------+-------+
CLK                                | BUFGP                  | 20    |
-----------------------------------+------------------------+-------+

Asynchronous Control Signals Information:
----------------------------------------
-----------------------------------+------------------------+-------+
Control Signal                     | Buffer(FF name)        | Load  |
-----------------------------------+------------------------+-------+
RESET                              | IBUF                   | 20    |
-----------------------------------+------------------------+-------+

Timing Summary:
---------------
Speed Grade: -4

   Minimum period: 1.346ns (Maximum Frequency: 742.942MHz)
   Minimum input arrival time before clock: 2.875ns
   Maximum output required time after clock: 4.310ns
   Maximum combinational path delay: No path found

Timing Detail:
--------------
All values displayed in nanoseconds (ns)

=========================================================================
Timing constraint: Default period analysis for Clock 'CLK'
  Clock period: 1.346ns (frequency: 742.942MHz)
  Total number of paths / destination ports: 12 / 12
-------------------------------------------------------------------------
Delay:               1.346ns (Levels of Logic = 0)
  Source:            reg_4 (FF)
  Destination:       reg_0 (FF)
  Source Clock:      CLK rising
  Destination Clock: CLK rising

  Data Path: reg_4 to reg_0
                                Gate     Net
    Cell:in->out      fanout   Delay   Delay  Logical Name (Net Name)
    ----------------------------------------  ------------
     FDCE:C->Q             2   0.591   0.447  reg_4 (reg_4)
     FDCE:D                    0.308          reg_0
    ----------------------------------------
    Total                      1.346ns (0.899ns logic, 0.447ns route)
                                       (66.8% logic, 33.2% route)

=========================================================================
Timing constraint: Default OFFSET IN BEFORE for Clock 'CLK'
  Total number of paths / destination ports: 28 / 28
-------------------------------------------------------------------------
Offset:              2.875ns (Levels of Logic = 1)
  Source:            enable (PAD)
  Destination:       reg_0 (FF)
  Destination Clock: CLK rising

  Data Path: enable to reg_0
                                Gate     Net
    Cell:in->out      fanout   Delay   Delay  Logical Name (Net Name)
    ----------------------------------------  ------------
     IBUF:I->O            20   1.218   1.102  enable_IBUF (enable_IBUF)
     FDCE:CE                   0.555          reg_0
    ----------------------------------------
    Total                      2.875ns (1.773ns logic, 1.102ns route)
                                       (61.7% logic, 38.3% route)

=========================================================================
Timing constraint: Default OFFSET OUT AFTER for Clock 'CLK'
  Total number of paths / destination ports: 16 / 16
-------------------------------------------------------------------------
Offset:              4.310ns (Levels of Logic = 1)
  Source:            reg_11 (FF)
  Destination:       OUTPUT<11> (PAD)
  Source Clock:      CLK rising

  Data Path: reg_11 to OUTPUT<11>
                                Gate     Net
    Cell:in->out      fanout   Delay   Delay  Logical Name (Net Name)
    ----------------------------------------  ------------
     FDCE:C->Q             2   0.591   0.447  reg_11 (reg_11)
     OBUF:I->O                 3.272          OUTPUT_11_OBUF (OUTPUT<11>)
    ----------------------------------------
    Total                      4.310ns (3.863ns logic, 0.447ns route)
                                       (89.6% logic, 10.4% route)

=========================================================================


Total REAL time to Xst completion: 15.00 secs
Total CPU time to Xst completion: 14.88 secs
 
--> 

Total memory usage is 202444 kilobytes

Number of errors   :    0 (   0 filtered)
Number of warnings :    0 (   0 filtered)
Number of infos    :    0 (   0 filtered)

